 
****************************************
Report : area
Design : counter_divider
Version: S-2021.06-SP3
Date   : Tue Sep 12 10:01:58 2023
****************************************

Library(s) Used:

    NangateOpenCellLibrary_PDKv1_2_v2008_10_slow_nldm (File: /mnt/coe/workspace/ece/ece720-common/tech/nangate/NangateOpenCellLibrary_PDKv1_2_v2008_10/liberty/520/NangateOpenCellLibrary_PDKv1_2_v2008_10_slow_nldm.db)

Number of ports:                           13
Number of nets:                            66
Number of cells:                           50
Number of combinational cells:             42
Number of sequential cells:                 8
Number of macros/black boxes:               0
Number of buf/inv:                          9
Number of references:                      12

Combinational area:                 44.156000
Buf/Inv area:                        4.788000
Noncombinational area:              38.304001
Macro/Black Box area:                0.000000
Net Interconnect area:      undefined  (No wire load specified)

Total cell area:                    82.460001
Total area:                 undefined
1
