 
****************************************
Report : timing
        -path full
        -delay max
        -max_paths 1
Design : MyDesign
Version: T-2022.03-SP4
Date   : Sat Nov 18 12:18:47 2023
****************************************

Operating Conditions: slow   Library: NangateOpenCellLibrary_PDKv1_2_v2008_10_slow_nldm
Wire Load Model Mode: top

  Startpoint: ALU/term3_q_reg[59]
              (rising edge-triggered flip-flop clocked by clk)
  Endpoint: ALU/sumimag_q_reg[0]
            (rising edge-triggered flip-flop clocked by clk)
  Path Group: clk
  Path Type: max

  Point                                    Incr       Path
  -----------------------------------------------------------
  clock clk (rise edge)                  0.0000     0.0000
  clock network delay (ideal)            0.0000     0.0000
  ALU/term3_q_reg[59]/CK (DFF_X1)        0.0000     0.0000 r
  ALU/term3_q_reg[59]/Q (DFF_X1)         0.5778     0.5778 f
  U20770/ZN (NOR2_X1)                    0.2463     0.8240 r
  U20834/ZN (OAI21_X1)                   0.1084     0.9324 f
  U20835/ZN (AOI21_X1)                   0.3788     1.3112 r
  U20840/ZN (OAI21_X1)                   0.1240     1.4352 f
  U20841/ZN (AOI21_X1)                   0.3749     1.8101 r
  U20842/ZN (OAI21_X1)                   0.1714     1.9815 f
  U20843/ZN (AOI21_X1)                   0.4067     2.3882 r
  U8048/ZN (INV_X2)                      0.1514     2.5396 f
  U10718/ZN (INV_X4)                     0.6452     3.1848 r
  U20880/ZN (NOR3_X1)                    0.1538     3.3386 f
  U8900/ZN (OR3_X1)                      0.5686     3.9072 f
  U20881/ZN (NOR2_X1)                    0.2944     4.2016 r
  U20886/Z (XOR2_X1)                     0.7715     4.9730 r
  U10369/ZN (INV_X1)                     0.1858     5.1588 f
  U9272/ZN (NAND2_X2)                    0.7117     5.8706 r
  U8378/ZN (INV_X1)                      0.3159     6.1865 f
  U8394/ZN (AOI222_X1)                   1.0213     7.2078 r
  U21432/ZN (AOI21_X1)                   0.2924     7.5002 f
  U9678/ZN (AOI222_X1)                   0.9056     8.4058 r
  U9677/Z (XOR2_X1)                      0.5969     9.0027 r
  U21535/ZN (NOR2_X1)                    0.1425     9.1452 f
  U21536/ZN (NAND2_X1)                   0.1950     9.3402 r
  U21645/ZN (OAI21_X1)                   0.1099     9.4501 f
  U21649/ZN (AOI21_X1)                   0.3047     9.7548 r
  U9658/ZN (INV_X1)                      0.1534     9.9081 f
  U22268/ZN (AOI21_X1)                   0.2483    10.1564 r
  U22269/Z (XOR2_X1)                     0.7065    10.8629 r
  U22380/ZN (INV_X1)                     0.1521    11.0150 f
  U22384/ZN (AOI221_X1)                  0.7201    11.7351 r
  U22385/ZN (AOI221_X1)                  0.1798    11.9149 f
  U22386/ZN (AOI221_X1)                  0.3890    12.3039 r
  U22387/ZN (AOI221_X1)                  0.1798    12.4837 f
  U22388/ZN (AOI221_X1)                  0.3964    12.8802 r
  U22389/ZN (AOI221_X1)                  0.1798    13.0600 f
  U22390/ZN (AOI221_X1)                  0.3832    13.4432 r
  U22391/ZN (AOI221_X1)                  0.1798    13.6230 f
  U22392/ZN (AOI221_X1)                  0.3867    14.0097 r
  U22393/ZN (AOI221_X1)                  0.1798    14.1895 f
  U22394/ZN (AOI221_X1)                  0.3832    14.5727 r
  U22395/ZN (AOI221_X1)                  0.1798    14.7525 f
  U22396/ZN (AOI221_X1)                  0.3838    15.1362 r
  U22397/ZN (AOI221_X1)                  0.1798    15.3160 f
  U22398/ZN (AOI221_X1)                  0.3884    15.7044 r
  U22399/ZN (AOI221_X1)                  0.1757    15.8802 f
  U22400/ZN (NOR2_X1)                    0.2611    16.1413 r
  U22404/ZN (NAND2_X1)                   0.0830    16.2243 f
  U10476/ZN (NAND2_X1)                   0.3324    16.5567 r
  U22406/ZN (NAND2_X1)                   0.2054    16.7620 f
  U22424/CO (FA_X1)                      0.6015    17.3635 f
  U22422/CO (FA_X1)                      0.5172    17.8808 f
  U22421/CO (FA_X1)                      0.5172    18.3980 f
  U22420/CO (FA_X1)                      0.5172    18.9153 f
  U22419/CO (FA_X1)                      0.5373    19.4526 f
  U22409/ZN (NOR4_X1)                    0.7112    20.1638 r
  U22411/ZN (NAND2_X1)                   0.1410    20.3047 f
  U22412/ZN (XNOR2_X1)                   0.3223    20.6270 f
  U9910/ZN (INV_X1)                      0.1173    20.7443 r
  U22427/ZN (NAND3_X1)                   0.0673    20.8116 f
  U22429/ZN (NOR2_X1)                    0.1552    20.9668 r
  U22431/ZN (AOI21_X1)                   0.1192    21.0860 f
  U9043/ZN (AND4_X1)                     0.2584    21.3444 f
  U7871/Z (BUF_X4)                       0.3006    21.6450 f
  U32436/ZN (AOI222_X1)                  0.8484    22.4934 r
  U10348/ZN (INV_X1)                     0.1079    22.6014 f
  ALU/sumimag_q_reg[0]/D (DFF_X1)        0.0000    22.6014 f
  data arrival time                                22.6014

  clock clk (rise edge)                 23.0000    23.0000
  clock network delay (ideal)            0.0000    23.0000
  clock uncertainty                     -0.0500    22.9500
  ALU/sumimag_q_reg[0]/CK (DFF_X1)       0.0000    22.9500 r
  library setup time                    -0.3415    22.6085
  data required time                               22.6085
  -----------------------------------------------------------
  data required time                               22.6085
  data arrival time                               -22.6014
  -----------------------------------------------------------
  slack (MET)                                       0.0071


1
