Information: Updating design information... (UID-85)
 
****************************************
Report : timing
        -path full
        -delay min
        -max_paths 1
Design : MyDesign
Version: T-2022.03-SP4
Date   : Sun Nov  5 12:13:42 2023
****************************************

Operating Conditions: fast   Library: NangateOpenCellLibrary_PDKv1_2_v2008_10_fast_nldm
Wire Load Model Mode: top

  Startpoint: MCounter_reg[25]
              (rising edge-triggered flip-flop clocked by clk)
  Endpoint: MCounter_reg[25]
            (rising edge-triggered flip-flop clocked by clk)
  Path Group: clk
  Path Type: min

  Point                                    Incr       Path
  -----------------------------------------------------------
  clock clk (rise edge)                  0.0000     0.0000
  clock network delay (ideal)            0.0000     0.0000
  MCounter_reg[25]/CK (DFF_X1)           0.0000     0.0000 r
  MCounter_reg[25]/Q (DFF_X1)            0.0590     0.0590 r
  U55523/ZN (OAI21_X1)                   0.0190     0.0780 f
  MCounter_reg[25]/D (DFF_X1)            0.0000     0.0780 f
  data arrival time                                 0.0780

  clock clk (rise edge)                  0.0000     0.0000
  clock network delay (ideal)            0.0000     0.0000
  clock uncertainty                      0.0500     0.0500
  MCounter_reg[25]/CK (DFF_X1)           0.0000     0.0500 r
  library hold time                      0.0006     0.0506
  data required time                                0.0506
  -----------------------------------------------------------
  data required time                                0.0506
  data arrival time                                -0.0780
  -----------------------------------------------------------
  slack (MET)                                       0.0275


1
