Information: Updating design information... (UID-85)
 
****************************************
Report : timing
        -path full
        -delay max
        -max_paths 1
Design : MyDesign
Version: T-2022.03-SP4
Date   : Sun Nov 12 14:58:55 2023
****************************************

Operating Conditions: slow   Library: NangateOpenCellLibrary_PDKv1_2_v2008_10_slow_nldm
Wire Load Model Mode: top

  Startpoint: rdscratch_wrinp_reg
              (rising edge-triggered flip-flop clocked by clk)
  Endpoint: ALU/term2negative_q_reg[51]
            (rising edge-triggered flip-flop clocked by clk)
  Path Group: clk
  Path Type: max

  Point                                                   Incr       Path
  --------------------------------------------------------------------------
  clock clk (rise edge)                                 0.0000     0.0000
  clock network delay (ideal)                           0.0000     0.0000
  rdscratch_wrinp_reg/CK (DFF_X1)                       0.0000     0.0000 r
  rdscratch_wrinp_reg/Q (DFF_X1)                        0.5909     0.5909 f
  U9053/ZN (OR2_X2)                                     0.3466     0.9375 f
  U11811/ZN (INV_X1)                                    0.5652     1.5027 r
  U41927/ZN (NAND2_X1)                                  0.1621     1.6648 f
  U10068/ZN (NAND2_X1)                                  0.6749     2.3396 r
  U10124/ZN (INV_X1)                                    0.2934     2.6331 f
  U10231/ZN (INV_X4)                                    0.6253     3.2584 r
  U42052/ZN (NOR2_X1)                                   0.2144     3.4728 f
  U8899/ZN (AND4_X1)                                    0.4113     3.8842 f
  U8888/ZN (AND4_X1)                                    0.3434     4.2276 f
  U8629/ZN (NAND2_X1)                                   0.1604     4.3880 r
  U12501/ZN (NAND2_X1)                                  0.1121     4.5001 f
  U42238/ZN (AOI21_X1)                                  0.3679     4.8680 r
  U42239/ZN (OAI21_X1)                                  0.1714     5.0394 f
  U42240/ZN (AOI21_X1)                                  0.3749     5.4143 r
  U42241/ZN (OAI21_X1)                                  0.1714     5.5857 f
  U42242/ZN (AOI21_X1)                                  0.5871     6.1729 r
  U51405/CO (HA_X1)                                     0.3496     6.5225 r
  U51404/S (FA_X1)                                      0.7014     7.2239 f
  U51447/ZN (XNOR2_X1)                                  0.3210     7.5449 f
  U51533/CO (FA_X1)                                     0.6322     8.1770 f
  U51532/CO (FA_X1)                                     0.5172     8.6942 f
  U51530/CO (FA_X1)                                     0.5143     9.2085 f
  U51451/ZN (NAND2_X1)                                  0.1837     9.3922 r
  U51452/ZN (NAND3_X1)                                  0.1419     9.5342 f
  U51454/ZN (NAND2_X1)                                  0.1577     9.6919 r
  U51455/ZN (NAND3_X1)                                  0.1440     9.8359 f
  U51523/CO (FA_X1)                                     0.4951    10.3310 f
  U51521/CO (FA_X1)                                     0.5172    10.8482 f
  U51519/CO (FA_X1)                                     0.5172    11.3654 f
  U51517/CO (FA_X1)                                     0.5172    11.8827 f
  U51540/CO (FA_X1)                                     0.5172    12.3999 f
  U51541/CO (FA_X1)                                     0.4889    12.8888 f
  U51542/ZN (XNOR2_X1)                                  0.3207    13.2095 f
  U51543/ZN (INV_X1)                                    0.1864    13.3959 r
  U51544/ZN (AND2_X2)                                   0.2561    13.6520 r
  U8633/ZN (INV_X1)                                     0.1268    13.7788 f
  U51613/ZN (NAND2_X1)                                  0.1163    13.8951 r
  U8778/ZN (AND2_X1)                                    0.2162    14.1114 r
  U8767/ZN (INV_X1)                                     0.0802    14.1915 f
  U51614/Z (MUX2_X1)                                    0.4751    14.6667 f
  U51615/Z (XOR2_X1)                                    0.3257    14.9924 f
  U51631/CO (FA_X1)                                     0.5058    15.4982 f
  U51632/CO (FA_X1)                                     0.5172    16.0154 f
  U51627/CO (FA_X1)                                     0.5172    16.5326 f
  U51626/CO (FA_X1)                                     0.5172    17.0499 f
  U51624/CO (FA_X1)                                     0.5172    17.5671 f
  U51623/CO (FA_X1)                                     0.5172    18.0844 f
  U51622/CO (FA_X1)                                     0.5043    18.5887 f
  U8734/ZN (AND2_X2)                                    0.2620    18.8507 f
  U51621/CO (HA_X1)                                     0.2559    19.1065 f
  U51616/CO (HA_X1)                                     0.2629    19.3694 f
  U51617/CO (HA_X1)                                     0.2629    19.6323 f
  U51620/S (HA_X1)                                      0.4062    20.0386 f
  U51630/ZN (NOR2_X1)                                   0.2163    20.2549 r
  U51634/ZN (NAND2_X1)                                  0.0890    20.3439 f
  U57113/ZN (NAND3_X1)                                  0.1735    20.5174 r
  U57315/ZN (NAND2_X1)                                  0.0987    20.6161 f
  U9908/ZN (OR3_X1)                                     0.2770    20.8931 f
  U59601/ZN (AOI211_X1)                                 0.2819    21.1750 r
  U59603/ZN (NOR4_X1)                                   0.2128    21.3878 f
  U59609/ZN (NAND2_X1)                                  0.4295    21.8173 r
  U12995/ZN (INV_X1)                                    0.1510    21.9683 f
  U11827/ZN (INV_X4)                                    0.3664    22.3346 r
  U59610/ZN (OAI22_X1)                                  0.2442    22.5788 f
  ALU/term2negative_q_reg[51]/D (DFF_X1)                0.0000    22.5788 f
  data arrival time                                               22.5788

  clock clk (rise edge)                                23.0000    23.0000
  clock network delay (ideal)                           0.0000    23.0000
  clock uncertainty                                    -0.0500    22.9500
  ALU/term2negative_q_reg[51]/CK (DFF_X1)               0.0000    22.9500 r
  library setup time                                   -0.3533    22.5967
  data required time                                              22.5967
  --------------------------------------------------------------------------
  data required time                                              22.5967
  data arrival time                                              -22.5788
  --------------------------------------------------------------------------
  slack (MET)                                                      0.0179


1
