 
****************************************
Report : timing
        -path full
        -delay max
        -max_paths 1
Design : MyDesign
Version: T-2022.03-SP4
Date   : Sun Nov 12 16:07:10 2023
****************************************

Operating Conditions: slow   Library: NangateOpenCellLibrary_PDKv1_2_v2008_10_slow_nldm
Wire Load Model Mode: top

  Startpoint: clr_sum_reg3_reg
              (rising edge-triggered flip-flop clocked by clk)
  Endpoint: ALU/resultimag_q_reg[36]
            (rising edge-triggered flip-flop clocked by clk)
  Path Group: clk
  Path Type: max

  Point                                    Incr       Path
  -----------------------------------------------------------
  clock clk (rise edge)                  0.0000     0.0000
  clock network delay (ideal)            0.0000     0.0000
  clr_sum_reg3_reg/CK (DFF_X1)           0.0000     0.0000 r
  clr_sum_reg3_reg/Q (DFF_X1)            0.5741     0.5741 f
  U12481/ZN (INV_X4)                     0.6400     1.2142 r
  U20419/ZN (NAND2_X1)                   0.1740     1.3881 f
  U9565/ZN (INV_X1)                      0.1988     1.5869 r
  U20481/ZN (NAND2_X1)                   0.0798     1.6667 f
  U20482/ZN (OAI21_X1)                   0.2605     1.9272 r
  U20483/ZN (AOI21_X1)                   0.1141     2.0413 f
  U20484/ZN (OAI21_X1)                   0.2246     2.2659 r
  U20485/ZN (AOI21_X1)                   0.1358     2.4017 f
  U20486/ZN (OAI21_X1)                   0.2345     2.6362 r
  U20498/ZN (AOI21_X1)                   0.1169     2.7531 f
  U20499/ZN (OAI21_X1)                   0.2059     2.9590 r
  U20500/ZN (AOI21_X1)                   0.1427     3.1017 f
  U9376/ZN (OAI21_X2)                    0.3840     3.4857 r
  U12471/ZN (INV_X1)                     0.2348     3.7205 f
  U9359/ZN (INV_X8)                      0.6848     4.4053 r
  U20515/ZN (NAND2_X1)                   0.1089     4.5142 f
  U8674/ZN (NAND2_X1)                    0.5974     5.1117 r
  U13365/ZN (INV_X1)                     0.1470     5.2586 f
  U9317/ZN (AND4_X1)                     0.4222     5.6809 f
  U20520/ZN (NAND3_X1)                   0.2227     5.9035 r
  U20521/ZN (NAND2_X1)                   0.1349     6.0384 f
  U20547/ZN (NOR2_X1)                    0.2826     6.3210 r
  U20548/Z (XOR2_X1)                     0.7147     7.0357 r
  U9198/ZN (INV_X1)                      0.1814     7.2171 f
  U20550/ZN (NAND2_X1)                   0.7727     7.9898 r
  U12827/ZN (INV_X1)                     0.3421     8.3319 f
  U12930/ZN (INV_X1)                     0.6322     8.9640 r
  U21196/ZN (OAI22_X1)                   0.2524     9.2164 f
  U21198/ZN (NOR2_X1)                    0.3326     9.5490 r
  U21304/ZN (NOR2_X1)                    0.1031     9.6521 f
  U21306/ZN (AOI211_X1)                  0.7075    10.3596 r
  U21310/ZN (OAI22_X1)                   0.1973    10.5570 f
  U21311/ZN (AOI21_X1)                   0.4147    10.9717 r
  U21313/ZN (OAI211_X1)                  0.2247    11.1963 f
  U21314/S (HA_X1)                       0.4523    11.6486 f
  U21316/ZN (NOR2_X1)                    0.2729    11.9215 r
  U21399/ZN (OAI21_X1)                   0.1472    12.0688 f
  U21403/ZN (AOI21_X1)                   0.2758    12.3446 r
  U21411/ZN (OAI21_X1)                   0.1351    12.4797 f
  U21412/ZN (AOI21_X1)                   0.5166    12.9963 r
  U21587/ZN (OAI21_X1)                   0.3114    13.3077 f
  U21622/ZN (AOI21_X1)                   0.2941    13.6019 r
  U21623/Z (XOR2_X1)                     0.6991    14.3009 r
  U22110/ZN (NOR2_X1)                    0.1438    14.4447 f
  U22132/ZN (NAND2_X1)                   0.2306    14.6754 r
  U22140/ZN (INV_X1)                     0.0627    14.7380 f
  U22142/ZN (AOI21_X1)                   0.2438    14.9818 r
  U22143/ZN (OAI21_X1)                   0.1714    15.1532 f
  U22144/ZN (AOI21_X1)                   0.4624    15.6156 r
  U22145/ZN (INV_X1)                     0.0830    15.6986 f
  U22164/ZN (AOI21_X1)                   0.1893    15.8879 r
  U22165/ZN (OAI21_X1)                   0.1728    16.0607 f
  U22168/ZN (OAI21_X1)                   0.2759    16.3367 r
  U22178/ZN (NAND2_X1)                   0.0914    16.4281 f
  U22182/ZN (NAND3_X1)                   0.1282    16.5563 r
  U22187/ZN (AND3_X2)                    0.3120    16.8683 r
  U9017/ZN (OR2_X1)                      0.1715    17.0398 r
  U9014/ZN (AND2_X1)                     0.2785    17.3183 r
  U12477/ZN (INV_X1)                     0.1280    17.4463 f
  U22190/ZN (NOR2_X1)                    0.5864    18.0327 r
  U8640/ZN (INV_X1)                      0.1485    18.1812 f
  U8644/ZN (INV_X4)                      0.3477    18.5289 r
  U22389/ZN (NAND2_X1)                   0.1080    18.6369 f
  U8935/ZN (AND4_X1)                     0.3678    19.0047 f
  U22391/ZN (NAND2_X1)                   0.1108    19.1155 r
  U8892/ZN (AND2_X1)                     0.1785    19.2940 r
  U8830/ZN (AND2_X1)                     0.2183    19.5123 r
  U8818/ZN (AND2_X1)                     0.2089    19.7212 r
  U8808/ZN (INV_X2)                      0.0589    19.7802 f
  U22696/ZN (NOR2_X1)                    0.1380    19.9182 r
  U22699/ZN (NAND2_X1)                   0.0915    20.0097 f
  U22700/ZN (NOR2_X1)                    0.2304    20.2400 r
  U22701/ZN (NAND2_X1)                   0.1122    20.3522 f
  U22702/ZN (NOR2_X1)                    0.2304    20.5826 r
  U13512/ZN (NAND2_X1)                   0.2353    20.8179 f
  U51037/Z (XOR2_X1)                     0.4059    21.2238 f
  U51038/ZN (AOI22_X1)                   0.4675    21.6913 r
  U12123/ZN (INV_X1)                     0.0930    21.7843 f
  ALU/resultimag_q_reg[36]/D (DFF_X2)    0.0000    21.7843 f
  data arrival time                                21.7843

  clock clk (rise edge)                 22.0000    22.0000
  clock network delay (ideal)            0.0000    22.0000
  clock uncertainty                     -0.0500    21.9500
  ALU/resultimag_q_reg[36]/CK (DFF_X2)   0.0000    21.9500 r
  library setup time                    -0.3169    21.6331
  data required time                               21.6331
  -----------------------------------------------------------
  data required time                               21.6331
  data arrival time                               -21.7843
  -----------------------------------------------------------
  slack (VIOLATED)                                 -0.1512


1
