 
****************************************
Report : timing
        -path full
        -delay max
        -max_paths 1
Design : MyDesign
Version: T-2022.03-SP4
Date   : Tue Nov 14 11:29:55 2023
****************************************

Operating Conditions: slow   Library: NangateOpenCellLibrary_PDKv1_2_v2008_10_slow_nldm
Wire Load Model Mode: top

  Startpoint: rdscratch_wrinp_reg
              (rising edge-triggered flip-flop clocked by clk)
  Endpoint: ALU/term1_q_reg[52]
            (rising edge-triggered flip-flop clocked by clk)
  Path Group: clk
  Path Type: max

  Point                                    Incr       Path
  -----------------------------------------------------------
  clock clk (rise edge)                  0.0000     0.0000
  clock network delay (ideal)            0.0000     0.0000
  rdscratch_wrinp_reg/CK (DFF_X2)        0.0000     0.0000 r
  rdscratch_wrinp_reg/QN (DFF_X2)        0.4529     0.4529 r
  U59518/ZN (INV_X8)                     0.1450     0.5979 f
  U12264/ZN (INV_X8)                     0.4052     1.0031 r
  U12288/ZN (NAND2_X1)                   0.1428     1.1459 f
  U12290/ZN (NAND2_X1)                   0.6618     1.8077 r
  U10324/ZN (INV_X1)                     0.2736     2.0814 f
  U10323/ZN (INV_X4)                     0.6377     2.7191 r
  U12661/ZN (AOI221_X1)                  0.2025     2.9216 f
  U12662/ZN (AOI221_X1)                  0.6559     3.5776 r
  U12664/ZN (AOI221_X1)                  0.2711     3.8486 f
  U12665/ZN (AOI221_X1)                  0.6638     4.5125 r
  U12666/ZN (AOI221_X1)                  0.1798     4.6923 f
  U12667/ZN (AOI221_X1)                  0.4120     5.1043 r
  U12668/ZN (AOI221_X1)                  0.1798     5.2841 f
  U12669/ZN (AOI221_X1)                  0.3895     5.6736 r
  U12670/ZN (AOI221_X1)                  0.1798     5.8534 f
  U12671/ZN (AOI221_X1)                  0.3940     6.2474 r
  U12672/ZN (NOR2_X1)                    0.1510     6.3984 f
  U12673/ZN (AOI221_X1)                  0.3473     6.7457 r
  U12674/ZN (AOI221_X1)                  0.1798     6.9255 f
  U12675/ZN (AOI221_X1)                  0.3883     7.3138 r
  U12676/ZN (OAI211_X1)                  0.1929     7.5067 f
  U12677/ZN (AOI21_X1)                   0.5086     8.0153 r
  U27016/CO (HA_X1)                      0.3491     8.3644 r
  U27015/CO (FA_X1)                      0.3535     8.7179 r
  U27014/CO (FA_X1)                      0.3733     9.0912 r
  U27013/CO (FA_X1)                      0.3715     9.4627 r
  U27012/CO (FA_X1)                      0.3733     9.8360 r
  U27020/S (FA_X1)                       0.7405    10.5765 f
  U27042/S (HA_X1)                       0.4892    11.0657 f
  U27085/CO (FA_X1)                      0.6366    11.7023 f
  U27084/CO (FA_X1)                      0.5025    12.2048 f
  U27064/ZN (NAND2_X1)                   0.1768    12.3816 r
  U27065/ZN (NAND2_X1)                   0.1057    12.4873 f
  U27066/ZN (INV_X1)                     0.0849    12.5722 r
  U27070/ZN (NAND2_X1)                   0.0833    12.6554 f
  U27079/CO (FA_X1)                      0.4874    13.1428 f
  U27078/CO (FA_X1)                      0.5195    13.6623 f
  U27076/Z (XOR2_X1)                     0.3740    14.0363 r
  U9884/ZN (OR4_X1)                      0.2634    14.2997 r
  U8303/ZN (AND2_X2)                     0.1980    14.4977 r
  U8226/ZN (INV_X1)                      0.1277    14.6253 f
  U27266/ZN (NAND2_X1)                   0.1181    14.7435 r
  U8768/ZN (AND2_X1)                     0.2132    14.9567 r
  U9365/ZN (INV_X1)                      0.0791    15.0358 f
  U27267/Z (MUX2_X1)                     0.4748    15.5106 f
  U27268/Z (XOR2_X1)                     0.3257    15.8363 f
  U27284/CO (FA_X1)                      0.5051    16.3414 f
  U27285/CO (FA_X1)                      0.5172    16.8586 f
  U27280/CO (FA_X1)                      0.5172    17.3758 f
  U27279/CO (FA_X1)                      0.5172    17.8931 f
  U27277/CO (FA_X1)                      0.5172    18.4103 f
  U27276/CO (FA_X1)                      0.5172    18.9276 f
  U27275/CO (FA_X1)                      0.5043    19.4319 f
  U8263/ZN (AND2_X2)                     0.2620    19.6939 f
  U27274/CO (HA_X1)                      0.2559    19.9497 f
  U27269/CO (HA_X1)                      0.2629    20.2126 f
  U27270/CO (HA_X1)                      0.2629    20.4755 f
  U27273/S (HA_X1)                       0.4062    20.8818 f
  U27283/ZN (NOR2_X1)                    0.2118    21.0936 r
  U27287/ZN (NAND2_X1)                   0.0890    21.1826 f
  U32936/ZN (NAND3_X1)                   0.1735    21.3560 r
  U33145/ZN (NAND2_X1)                   0.0973    21.4533 f
  U58228/ZN (NOR2_X1)                    0.1919    21.6452 r
  U58229/ZN (NAND2_X1)                   0.1288    21.7740 f
  U58234/ZN (OAI21_X1)                   0.2449    22.0189 r
  U58243/ZN (NAND2_X1)                   0.1212    22.1401 f
  U8227/ZN (NOR2_X2)                     0.6555    22.7956 r
  U58300/ZN (NAND2_X1)                   0.1527    22.9483 f
  U58301/ZN (XNOR2_X1)                   0.3726    23.3209 r
  U58302/ZN (INV_X1)                     0.0744    23.3953 f
  U58303/ZN (AOI211_X1)                  0.5565    23.9518 r
  U58304/ZN (AOI211_X1)                  0.2403    24.1921 f
  ALU/term1_q_reg[52]/D (DFF_X1)         0.0000    24.1921 f
  data arrival time                                24.1921

  clock clk (rise edge)                 25.0000    25.0000
  clock network delay (ideal)            0.0000    25.0000
  clock uncertainty                     -0.0500    24.9500
  ALU/term1_q_reg[52]/CK (DFF_X1)        0.0000    24.9500 r
  library setup time                    -0.3894    24.5606
  data required time                               24.5606
  -----------------------------------------------------------
  data required time                               24.5606
  data arrival time                               -24.1921
  -----------------------------------------------------------
  slack (MET)                                       0.3685


1
