Information: Updating design information... (UID-85)
 
****************************************
Report : timing
        -path full
        -delay max
        -max_paths 1
Design : MyDesign
Version: T-2022.03-SP4
Date   : Mon Oct 16 19:31:51 2023
****************************************

Operating Conditions: slow   Library: NangateOpenCellLibrary_PDKv1_2_v2008_10_slow_nldm
Wire Load Model Mode: top

  Startpoint: sram_read_data[17]
              (input port clocked by clk)
  Endpoint: sram_write_data[28]
            (output port clocked by clk)
  Path Group: clk
  Path Type: max

  Point                                    Incr       Path
  -----------------------------------------------------------
  clock clk (rise edge)                  0.0000     0.0000
  clock network delay (ideal)            0.0000     0.0000
  input external delay                   0.6580     0.6580 r
  sram_read_data[17] (in)                0.0239     0.6819 r
  U331/Z (CLKBUF_X3)                     0.1433     0.8253 r
  U219/ZN (NAND2_X2)                     0.0519     0.8772 f
  U418/ZN (AND2_X1)                      0.2114     1.0886 f
  U1166/ZN (NAND3_X1)                    0.1371     1.2257 r
  U1167/ZN (INV_X1)                      0.0656     1.2913 f
  U327/ZN (AND3_X1)                      0.2996     1.5909 f
  U326/ZN (NAND3_X2)                     0.1458     1.7368 r
  U743/ZN (NAND4_X2)                     0.1664     1.9032 f
  U655/ZN (INV_X16)                      0.1774     2.0806 r
  U414/ZN (INV_X4)                       0.0696     2.1502 f
  U1204/ZN (NAND2_X1)                    0.1205     2.2706 r
  U924/ZN (NAND2_X2)                     0.1169     2.3875 f
  U635/ZN (NOR2_X1)                      0.2060     2.5935 r
  U628/ZN (NAND2_X1)                     0.1002     2.6937 f
  U921/ZN (NOR2_X2)                      0.1427     2.8364 r
  U943/ZN (NAND2_X2)                     0.0886     2.9250 f
  U942/ZN (NAND2_X2)                     0.1968     3.1218 r
  U246/ZN (INV_X4)                       0.0632     3.1850 f
  U881/ZN (AND2_X4)                      0.2335     3.4185 f
  U601/ZN (NAND2_X1)                     0.1504     3.5689 r
  U1024/ZN (AND2_X1)                     0.1595     3.7284 r
  U1550/ZN (AND4_X2)                     0.2111     3.9395 r
  U1553/ZN (XNOR2_X1)                    0.3162     4.2557 r
  U222/ZN (NAND2_X2)                     0.0915     4.3473 f
  U948/ZN (NAND2_X2)                     0.1106     4.4579 r
  U562/ZN (INV_X1)                       0.0606     4.5184 f
  U1659/ZN (NAND3_X1)                    0.2038     4.7222 r
  U1660/ZN (NAND3_X1)                    0.0943     4.8165 f
  U554/ZN (NAND2_X1)                     0.1348     4.9513 r
  U315/ZN (NAND2_X2)                     0.0789     5.0302 f
  U887/ZN (INV_X1)                       0.1025     5.1327 r
  U1662/ZN (NAND2_X1)                    0.0762     5.2089 f
  U256/ZN (NAND3_X2)                     0.1048     5.3137 r
  U313/ZN (NAND2_X2)                     0.0667     5.3804 f
  U919/ZN (NAND2_X2)                     0.1288     5.5092 r
  U918/ZN (NAND2_X2)                     0.0767     5.5859 f
  U750/ZN (NAND2_X2)                     0.1161     5.7020 r
  U279/ZN (NAND2_X4)                     0.1000     5.8019 f
  U277/ZN (NAND2_X2)                     0.0976     5.8996 r
  U531/ZN (NAND2_X2)                     0.0829     5.9824 f
  U360/ZN (NAND2_X2)                     0.2948     6.2772 r
  U1832/ZN (NOR2_X1)                     0.1139     6.3912 f
  U962/ZN (NOR2_X2)                      0.1829     6.5741 r
  U927/ZN (NAND3_X2)                     0.0813     6.6554 f
  U306/ZN (AOI21_X1)                     0.2210     6.8764 r
  U249/ZN (NAND3_X2)                     0.1293     7.0057 f
  U951/ZN (NAND3_X2)                     0.1838     7.1895 r
  U278/ZN (NAND2_X4)                     0.0840     7.2735 f
  U492/ZN (INV_X2)                       0.0979     7.3714 r
  U880/ZN (NAND2_X2)                     0.0781     7.4495 f
  U270/ZN (XNOR2_X2)                     0.2424     7.6919 f
  U269/ZN (NAND2_X2)                     0.1074     7.7992 r
  U479/ZN (INV_X1)                       0.0514     7.8506 f
  U2331/ZN (NAND2_X1)                    0.1182     7.9688 r
  U955/ZN (NAND2_X2)                     0.1059     8.0748 f
  U2332/ZN (INV_X2)                      0.0787     8.1535 r
  U752/ZN (NAND2_X2)                     0.0457     8.1992 f
  U459/ZN (NAND2_X2)                     0.1277     8.3269 r
  U785/ZN (NAND2_X2)                     0.0620     8.3889 f
  U712/ZN (NAND2_X2)                     0.1086     8.4974 r
  U453/ZN (NAND2_X2)                     0.0655     8.5629 f
  U445/ZN (NAND2_X2)                     0.1340     8.6969 r
  U2349/ZN (XNOR2_X1)                    0.3321     9.0290 r
  U713/ZN (NAND2_X2)                     0.0982     9.1272 f
  U2358/ZN (NAND2_X4)                    0.2551     9.3823 r
  sram_write_data[28] (out)              0.0000     9.3823 r
  data arrival time                                 9.3823

  clock clk (rise edge)                 10.0000    10.0000
  clock network delay (ideal)            0.0000    10.0000
  clock uncertainty                     -0.0500     9.9500
  output external delay                 -0.5660     9.3840
  data required time                                9.3840
  -----------------------------------------------------------
  data required time                                9.3840
  data arrival time                                -9.3823
  -----------------------------------------------------------
  slack (MET)                                       0.0017


1
