Information: Updating design information... (UID-85)
 
****************************************
Report : timing
        -path full
        -delay max
        -max_paths 1
Design : MyDesign
Version: T-2022.03-SP4
Date   : Sat Oct 14 17:54:30 2023
****************************************

Operating Conditions: slow   Library: NangateOpenCellLibrary_PDKv1_2_v2008_10_slow_nldm
Wire Load Model Mode: top

  Startpoint: sram_read_data[4]
              (input port clocked by clk)
  Endpoint: sum_reg[22]
            (rising edge-triggered flip-flop clocked by clk)
  Path Group: clk
  Path Type: max

  Point                                    Incr       Path
  -----------------------------------------------------------
  clock clk (rise edge)                  0.0000     0.0000
  clock network delay (ideal)            0.0000     0.0000
  input external delay                   0.6580     0.6580 f
  sram_read_data[4] (in)                 0.0810     0.7390 f
  U640/ZN (OAI22_X1)                     0.3790     1.1180 r
  U989/ZN (NAND2_X1)                     0.1099     1.2279 f
  U439/ZN (AND3_X1)                      0.2152     1.4431 f
  U222/ZN (NAND3_X1)                     0.1403     1.5834 r
  U292/ZN (NAND2_X2)                     0.0759     1.6594 f
  U437/ZN (NAND2_X2)                     0.0935     1.7529 r
  U622/ZN (NAND2_X2)                     0.0685     1.8215 f
  U656/ZN (NAND2_X4)                     0.2726     2.0940 r
  U657/ZN (INV_X16)                      0.0954     2.1894 f
  U838/ZN (INV_X4)                       0.2259     2.4153 r
  U946/ZN (INV_X1)                       0.1326     2.5478 f
  U1244/ZN (NAND2_X1)                    0.1163     2.6641 r
  U598/ZN (NAND2_X1)                     0.0951     2.7592 f
  U900/ZN (NAND3_X1)                     0.1433     2.9025 r
  U576/ZN (INV_X1)                       0.0650     2.9675 f
  U883/ZN (NAND2_X1)                     0.1023     3.0699 r
  U1293/ZN (NOR2_X1)                     0.0887     3.1585 f
  U1298/ZN (NAND3_X1)                    0.1672     3.3257 r
  U868/ZN (NAND2_X1)                     0.1178     3.4435 f
  U224/ZN (NOR2_X1)                      0.2988     3.7423 r
  U1326/ZN (NAND2_X1)                    0.1069     3.8492 f
  U549/ZN (NAND4_X1)                     0.2965     4.1457 r
  U716/ZN (INV_X1)                       0.0768     4.2225 f
  U1392/ZN (NAND2_X1)                    0.1154     4.3379 r
  U1393/ZN (NAND2_X1)                    0.0742     4.4121 f
  U537/ZN (NAND2_X1)                     0.1251     4.5372 r
  U1430/ZN (NAND2_X1)                    0.0944     4.6317 f
  U1590/ZN (NOR3_X1)                     0.3108     4.9425 r
  U285/ZN (OAI21_X2)                     0.1567     5.0992 f
  U284/ZN (NAND2_X2)                     0.1209     5.2201 r
  U1601/ZN (NAND3_X1)                    0.0754     5.2955 f
  U1604/ZN (NAND2_X1)                    0.1318     5.4272 r
  U393/ZN (NAND2_X2)                     0.0822     5.5095 f
  U678/ZN (NAND3_X2)                     0.1669     5.6764 r
  U1606/ZN (INV_X2)                      0.0776     5.7540 f
  U1611/ZN (NAND2_X1)                    0.1276     5.8816 r
  U783/ZN (NAND2_X2)                     0.0922     5.9737 f
  U302/ZN (NAND2_X1)                     0.2612     6.2349 r
  U247/ZN (INV_X4)                       0.1254     6.3603 f
  U254/ZN (NAND2_X1)                     0.1168     6.4771 r
  U253/ZN (NAND2_X1)                     0.0849     6.5620 f
  U230/ZN (INV_X1)                       0.1067     6.6687 r
  U282/ZN (NAND3_X2)                     0.0731     6.7418 f
  U685/ZN (AOI21_X2)                     0.1788     6.9206 r
  U475/ZN (NAND3_X1)                     0.1414     7.0620 f
  U314/ZN (AND2_X4)                      0.2418     7.3038 f
  U375/ZN (NAND2_X2)                     0.0890     7.3929 r
  U1893/ZN (AND2_X2)                     0.1731     7.5660 r
  U373/ZN (OR2_X2)                       0.1473     7.7132 r
  U1979/ZN (INV_X4)                      0.0602     7.7734 f
  U839/ZN (AND2_X4)                      0.2202     7.9936 f
  U2212/ZN (NAND2_X1)                    0.1390     8.1326 r
  U668/ZN (NAND3_X2)                     0.0864     8.2190 f
  U367/ZN (NAND2_X1)                     0.1481     8.3671 r
  U2216/ZN (NOR2_X1)                     0.0802     8.4473 f
  U914/ZN (AND2_X4)                      0.2683     8.7156 f
  U810/ZN (NAND2_X2)                     0.1404     8.8560 r
  U840/ZN (INV_X4)                       0.0564     8.9125 f
  U732/ZN (NAND2_X1)                     0.1629     9.0754 r
  U2606/ZN (XNOR2_X1)                    0.3392     9.4146 r
  U672/ZN (AOI21_X2)                     0.1082     9.5227 f
  U307/ZN (OAI21_X2)                     0.2052     9.7279 r
  sum_reg[22]/D (DFF_X1)                 0.0000     9.7279 r
  data arrival time                                 9.7279

  clock clk (rise edge)                 10.0000    10.0000
  clock network delay (ideal)            0.0000    10.0000
  clock uncertainty                     -0.0500     9.9500
  sum_reg[22]/CK (DFF_X1)                0.0000     9.9500 r
  library setup time                    -0.2196     9.7304
  data required time                                9.7304
  -----------------------------------------------------------
  data required time                                9.7304
  data arrival time                                -9.7279
  -----------------------------------------------------------
  slack (MET)                                       0.0025


1
